[mistOil] 상품 목록 수집 시작
[mistOil] 목록 수집 완료: 157개
  [mistOil] 진행 25/157 (누적 25/157)
  [mistOil] 진행 50/157 (누적 50/157)
  [mistOil] 진행 75/157 (누적 75/157)
  [mistOil] 진행 100/157 (누적 100/157)
  [mistOil] 진행 125/157 (누적 125/157)
  [mistOil] 진행 150/157 (누적 150/157)
  [mistOil] 진행 157/157 (누적 157/157)
[mistOil] 완료: 157행 저장, 공통성분 0개 (없음)
[lotion] 상품 목록 수집 시작
[lotion] 목록 수집 완료: 268개
  [lotion] 진행 25/268 (누적 25/268)
  [lotion] 진행 50/268 (누적 50/268)
  [lotion] 진행 75/268 (누적 75/268)
  [lotion] 진행 100/268 (누적 100/268)
  [lotion] 진행 125/268 (누적 125/268)
  [lotion] 진행 150/268 (누적 150/268)
  [lotion] 진행 175/268 (누적 175/268)
  [lotion] 진행 200/268 (누적 200/268)
  [lotion] 진행 225/268 (누적 225/268)
  [lotion] 진행 250/268 (누적 250/268)
  [lotion] 진행 268/268 (누적 268/268)
[lotion] 완료: 268행 저장, 공통성분 0개 (없음)
[skinToner] 상품 목록 수집 시작
[skinToner] 목록 수집 완료: 383개
  [skinToner] 진행 25/383 (누적 25/383)
  [skinToner] 진행 50/383 (누적 50/383)
  [skinToner] 진행 75/383 (누적 75/383)
  [skinToner] 진행 100/383 (누적 100/383)
  [skinToner] 진행 125/383 (누적 125/383)
  [skinToner] 진행 150/383 (누적 150/383)
  [skinToner] 진행 175/383 (누적 175/383)
  [skinToner] 진행 200/383 (누적 200/383)
  [skinToner] 진행 225/383 (누적 225/383)
  [skinToner] 진행 250/383 (누적 250/383)
  [skinToner] 진행 275/383 (누적 275/383)
  [skinToner] 진행 300/383 (누적 300/383)
  [skinToner] 진행 325/383 (누적 325/383)
  [skinToner] 진행 350/383 (누적 350/383)
  [skinToner] 진행 375/383 (누적 375/383)
  [skinToner] 진행 383/383 (누적 383/383)
[skinToner] 완료: 383행 저장, 공통성분 0개 (없음)
[cream] 상품 목록 수집 시작
[cream] 목록 수집 완료: 772개
  [cream] 진행 25/772 (누적 25/772)
  [cream] 진행 50/772 (누적 50/772)
  [cream] 진행 75/772 (누적 75/772)
  [cream] 진행 100/772 (누적 100/772)
  [cream] 진행 125/772 (누적 125/772)
  [cream] 진행 150/772 (누적 150/772)
  [cream] 진행 175/772 (누적 175/772)
  [cream] 진행 200/772 (누적 200/772)
  [cream] 진행 225/772 (누적 225/772)
  [cream] 진행 250/772 (누적 250/772)
  [cream] 진행 275/772 (누적 275/772)
  [cream] 진행 300/772 (누적 300/772)
  [cream] 진행 325/772 (누적 325/772)
  [cream] 진행 350/772 (누적 350/772)
  [cream] 진행 375/772 (누적 375/772)
  [cream] 진행 400/772 (누적 400/772)
  [cream] 진행 425/772 (누적 425/772)
  [cream] 진행 450/772 (누적 450/772)
  [cream] 진행 475/772 (누적 475/772)
