[mistOil] 상품 목록 수집 시작
[mistOil] 목록 수집 완료: 157개
  [mistOil] 진행 25/157 (누적 25/157)
  [mistOil] 진행 50/157 (누적 50/157)
  [mistOil] 진행 75/157 (누적 75/157)
  [mistOil] 진행 100/157 (누적 100/157)
  [mistOil] 진행 125/157 (누적 125/157)
  [mistOil] 진행 150/157 (누적 150/157)
  [mistOil] 진행 157/157 (누적 157/157)
[mistOil] 완료: 157행 저장, 공통성분 0개 (없음)
[lotion] 상품 목록 수집 시작
[lotion] 목록 수집 완료: 268개
  [lotion] 진행 25/268 (누적 25/268)
  [lotion] 진행 50/268 (누적 50/268)
  [lotion] 진행 75/268 (누적 75/268)
  [lotion] 진행 100/268 (누적 100/268)
  [lotion] 진행 125/268 (누적 125/268)
  [lotion] 진행 150/268 (누적 150/268)
  [lotion] 진행 175/268 (누적 175/268)
  [lotion] 진행 200/268 (누적 200/268)
  [lotion] 진행 225/268 (누적 225/268)
  [lotion] 진행 250/268 (누적 250/268)
  [lotion] 진행 268/268 (누적 268/268)
[lotion] 완료: 268행 저장, 공통성분 0개 (없음)
[skinToner] 상품 목록 수집 시작
[skinToner] 목록 수집 완료: 383개
  [skinToner] 진행 25/383 (누적 25/383)
  [skinToner] 진행 50/383 (누적 50/383)
  [skinToner] 진행 75/383 (누적 75/383)
  [skinToner] 진행 100/383 (누적 100/383)
  [skinToner] 진행 125/383 (누적 125/383)
  [skinToner] 진행 150/383 (누적 150/383)
  [skinToner] 진행 175/383 (누적 175/383)
  [skinToner] 진행 200/383 (누적 200/383)
  [skinToner] 진행 225/383 (누적 225/383)
  [skinToner] 진행 250/383 (누적 250/383)
  [skinToner] 진행 275/383 (누적 275/383)
  [skinToner] 진행 300/383 (누적 300/383)
  [skinToner] 진행 325/383 (누적 325/383)
  [skinToner] 진행 350/383 (누적 350/383)
  [skinToner] 진행 375/383 (누적 375/383)
  [skinToner] 진행 383/383 (누적 383/383)
[skinToner] 완료: 383행 저장, 공통성분 0개 (없음)
[cream] 상품 목록 수집 시작
[cream] 목록 수집 완료: 772개
  [cream] 진행 25/772 (누적 25/772)
  [cream] 진행 50/772 (누적 50/772)
  [cream] 진행 75/772 (누적 75/772)
  [cream] 진행 100/772 (누적 100/772)
  [cream] 진행 125/772 (누적 125/772)
  [cream] 진행 150/772 (누적 150/772)
  [cream] 진행 175/772 (누적 175/772)
  [cream] 진행 200/772 (누적 200/772)
  [cream] 진행 225/772 (누적 225/772)
  [cream] 진행 250/772 (누적 250/772)
  [cream] 진행 275/772 (누적 275/772)
  [cream] 진행 300/772 (누적 300/772)
  [cream] 진행 325/772 (누적 325/772)
  [cream] 진행 350/772 (누적 350/772)
  [cream] 진행 375/772 (누적 375/772)
  [cream] 진행 400/772 (누적 400/772)
  [cream] 진행 425/772 (누적 425/772)
  [cream] 진행 450/772 (누적 450/772)
  [cream] 진행 475/772 (누적 475/772)
  [cream] 진행 500/772 (누적 500/772)
  [cream] 진행 525/772 (누적 525/772)
  [cream] 진행 550/772 (누적 550/772)
  [cream] 진행 575/772 (누적 575/772)
  [cream] 진행 600/772 (누적 600/772)
  [cream] 진행 625/772 (누적 625/772)
  [cream] 진행 650/772 (누적 650/772)
  [cream] 진행 675/772 (누적 675/772)
  [cream] 진행 700/772 (누적 700/772)
  [cream] 진행 725/772 (누적 725/772)
  [cream] 진행 750/772 (누적 750/772)
  [cream] 진행 772/772 (누적 772/772)
[cream] 완료: 772행 저장, 공통성분 0개 (없음)
[essenceSerumAmpoule] 상품 목록 수집 시작
[essenceSerumAmpoule] 목록 수집 완료: 938개
  [essenceSerumAmpoule] 진행 25/938 (누적 25/938)
  [essenceSerumAmpoule] 진행 50/938 (누적 50/938)
  [essenceSerumAmpoule] 진행 75/938 (누적 75/938)
  [essenceSerumAmpoule] 진행 100/938 (누적 100/938)
  [essenceSerumAmpoule] 진행 125/938 (누적 125/938)
  [essenceSerumAmpoule] 진행 150/938 (누적 150/938)
  [essenceSerumAmpoule] 진행 175/938 (누적 175/938)
  [essenceSerumAmpoule] 진행 200/938 (누적 200/938)
  [essenceSerumAmpoule] 진행 225/938 (누적 225/938)
  [essenceSerumAmpoule] 진행 250/938 (누적 250/938)
  [essenceSerumAmpoule] 진행 275/938 (누적 275/938)
  [essenceSerumAmpoule] 진행 300/938 (누적 300/938)
  [essenceSerumAmpoule] 진행 325/938 (누적 325/938)
  [essenceSerumAmpoule] 진행 350/938 (누적 350/938)
  [essenceSerumAmpoule] 진행 375/938 (누적 375/938)
  [essenceSerumAmpoule] 진행 400/938 (누적 400/938)
  [essenceSerumAmpoule] 진행 425/938 (누적 425/938)
  [essenceSerumAmpoule] 진행 450/938 (누적 450/938)
  [essenceSerumAmpoule] 진행 475/938 (누적 475/938)
  [essenceSerumAmpoule] 진행 500/938 (누적 500/938)
  [essenceSerumAmpoule] 진행 525/938 (누적 525/938)
  [essenceSerumAmpoule] 진행 550/938 (누적 550/938)
  [essenceSerumAmpoule] 진행 575/938 (누적 575/938)
  [essenceSerumAmpoule] 진행 600/938 (누적 600/938)
  [essenceSerumAmpoule] 진행 625/938 (누적 625/938)
  [essenceSerumAmpoule] 진행 650/938 (누적 650/938)
  [essenceSerumAmpoule] 진행 675/938 (누적 675/938)
  [essenceSerumAmpoule] 진행 700/938 (누적 700/938)
  [essenceSerumAmpoule] 진행 725/938 (누적 725/938)
  [essenceSerumAmpoule] 진행 750/938 (누적 750/938)
  [essenceSerumAmpoule] 진행 775/938 (누적 775/938)
  [essenceSerumAmpoule] 진행 800/938 (누적 800/938)
  [essenceSerumAmpoule] 진행 825/938 (누적 825/938)
  [essenceSerumAmpoule] 진행 850/938 (누적 850/938)
  [essenceSerumAmpoule] 진행 875/938 (누적 875/938)
  [essenceSerumAmpoule] 진행 900/938 (누적 900/938)
  [essenceSerumAmpoule] 진행 925/938 (누적 925/938)
  [essenceSerumAmpoule] 진행 938/938 (누적 938/938)
[essenceSerumAmpoule] 완료: 938행 저장, 공통성분 0개 (없음)
=== 전체 5개 카테고리 완료 ===
